// Jest Snapshot v1, https://goo.gl/fbAQLP

exports[`RegistrationScreen1 RegistrationScreen1 snapshot 1`] = `
<ImageBackground
  source={
    Object {
      "testUri": "../../../app/src/img/splashScreen1.jpeg",
    }
  }
  style={
    Object {
      "height": "100%",
      "width": "100%",
    }
  }
>
  <View
    style={
      Object {
        "alignItems": "center",
        "flex": 0.25,
        "justifyContent": "center",
      }
    }
  >
    <Text
      style={
        Object {
          "color": "white",
          "fontSize": 20,
        }
      }
    >
       Выберите Свой План 
    </Text>
    <Text
      style={
        Object {
          "color": "white",
          "fontSize": 15,
          "paddingLeft": 15,
        }
      }
    >
       Худейте с оптимальным планом тренировок 
    </Text>
  </View>
  <View
    style={
      Object {
        "flex": 1,
      }
    }
  >
    <RegisterSettings
      opt="5-10 минут в день"
      title="Новичёк"
    />
    <RegisterSettings
      opt="10-20 минут в день"
      title="Продолжающий"
    />
    <RegisterSettings
      opt="15-30 минут в день"
      title="Продвинутый"
    />
    <TouchableOpacity
      activeOpacity={0.2}
      onPress={[Function]}
      style={
        Object {
          "alignItems": "center",
          "backgroundColor": "green",
          "borderRadius": 50,
          "flex": 0.75,
          "justifyContent": "center",
          "marginHorizontal": 80,
          "marginVertical": 20,
        }
      }
    >
      <Text
        style={
          Object {
            "color": "black",
            "fontSize": 20,
          }
        }
      >
         Cледующие 
      </Text>
    </TouchableOpacity>
  </View>
</ImageBackground>
`;
