// Jest Snapshot v1, https://goo.gl/fbAQLP

exports[`RegistrationScreen4 RegistrationScreen4 snapshot 1`] = `
<ImageBackground
  source={
    Object {
      "testUri": "../../../app/src/img/splashScreen1.jpeg",
    }
  }
  style={
    Object {
      "height": "100%",
      "width": "100%",
    }
  }
>
  <View
    style={
      Object {
        "alignItems": "center",
        "flex": 0.25,
        "justifyContent": "center",
      }
    }
  >
    <Text
      style={
        Object {
          "color": "white",
          "fontSize": 20,
        }
      }
    >
      У вас есть проблемы с коленями?123
    </Text>
    <Text
      style={
        Object {
          "color": "white",
          "fontSize": 15,
          "paddingLeft": 15,
        }
      }
    >
      Выберите тренировку по своему состоянию
    </Text>
  </View>
  <View
    style={
      Object {
        "flex": 1,
      }
    }
  >
    <RegisterSettings
      title="Я в порядке"
    />
    <RegisterSettings
      title="Без прыжков"
    />
    <RegisterSettings
      title="Малая ударная нагрузка"
    />
    <TouchableOpacity
      activeOpacity={0.2}
      onPress={[Function]}
      style={
        Object {
          "alignItems": "center",
          "backgroundColor": "green",
          "borderRadius": 50,
          "flex": 0.75,
          "justifyContent": "center",
          "marginHorizontal": 80,
          "marginVertical": 20,
        }
      }
    >
      <Text
        style={
          Object {
            "color": "black",
            "fontSize": 20,
          }
        }
      >
         Cледующие 
      </Text>
    </TouchableOpacity>
  </View>
</ImageBackground>
`;
